// Jest Snapshot v1, https://goo.gl/fbAQLP

exports[`Search Form renders correctly 1`] = `
<DocumentFragment>
  <div
    class="search-form"
  >
    <input
      type="text"
      value=""
    />
    <button
      type="submit"
    >
      Search
    </button>
  </div>
</DocumentFragment>
`;

exports[`Search Form renders the correct text when searching 1`] = `
<DocumentFragment>
  <div
    class="search-form"
  >
    <input
      type="text"
      value=""
    />
    <button
      type="submit"
    >
      Search
    </button>
  </div>
</DocumentFragment>
`;
