// Jest Snapshot v1, https://goo.gl/fbAQLP

exports[`ForecastSummary renders correctly 1`] = `
<DocumentFragment>
  <div
    class="forecast-summary"
  >
    <div
      class="forecast-summary__date"
    >
      1525046400000
    </div>
    <div
      class="forecast-summary__icon"
    >
      stubIcon
    </div>
    <div
      class="forecast-summary__temperature"
    >
      22Â°C
    </div>
    <div
      class="forecast-summary__description"
    >
      Stub description
    </div>
  </div>
</DocumentFragment>
`;
